Python 3.3.2 (v3.3.2:d047928ae3f6, May 16 2013, 00:06:53) [MSC v.1600 64 bit (AMD64)] on win32
Type "copyright", "credits" or "license()" for more information.
>>> 
>>> print("Hello")
Hello
>>> a + b
Traceback (most recent call last):
  File "<pyshell#2>", line 1, in <module>
    a + b
NameError: name 'a' is not defined
>>> a =2
>>> b =2
>>> a+b
4
>>> 
>>> l = [57,61,68,47,43,60,60,52]
>>> sum(l) / float(len(l))
56.0
>>> 
